// Jest Snapshot v1, https://goo.gl/fbAQLP

exports[`rbx should export all components 1`] = `
Object {
  "Block": Object {
    "$$typeof": Symbol(react.forward_ref),
    "defaultProps": Object {
      "as": "div",
    },
    "displayName": "Block",
    "render": [Function],
  },
  "Box": Object {
    "$$typeof": Symbol(react.forward_ref),
    "defaultProps": Object {
      "as": "div",
    },
    "displayName": "Box",
    "render": [Function],
  },
  "Breadcrumb": Object {
    "$$typeof": Symbol(react.forward_ref),
    "Item": Object {
      "$$typeof": Symbol(react.forward_ref),
      "defaultProps": Object {
        "as": "a",
      },
      "displayName": "Breadcrumb.Item",
      "propTypes": Object {
        "active": [Function],
      },
      "render": [Function],
    },
    "defaultProps": Object {
      "as": "nav",
    },
    "displayName": "Breadcrumb",
    "propTypes": Object {
      "align": [Function],
      "separator": [Function],
      "size": [Function],
    },
    "render": [Function],
  },
  "Button": Object {
    "$$typeof": Symbol(react.forward_ref),
    "Group": Object {
      "$$typeof": Symbol(react.forward_ref),
      "defaultProps": Object {
        "as": "div",
      },
      "displayName": "Button.Group",
      "propTypes": Object {
        "align": [Function],
        "hasAddons": [Function],
        "size": [Function],
      },
      "render": [Function],
    },
    "defaultProps": Object {
      "as": "button",
    },
    "displayName": "Button",
    "propTypes": Object {
      "color": [Function],
      "fullwidth": [Function],
      "inverted": [Function],
      "outlined": [Function],
      "rounded": [Function],
      "selected": [Function],
      "size": [Function],
      "state": [Function],
      "static": [Function],
      "text": [Function],
    },
    "render": [Function],
  },
  "Card": Object {
    "$$typeof": Symbol(react.forward_ref),
    "Content": Object {
      "$$typeof": Symbol(react.forward_ref),
      "defaultProps": Object {
        "as": "div",
      },
      "displayName": "Card.Content",
      "render": [Function],
    },
    "Footer": Object {
      "$$typeof": Symbol(react.forward_ref),
      "Item": Object {
        "$$typeof": Symbol(react.forward_ref),
        "defaultProps": Object {
          "as": "div",
        },
        "displayName": "Card.Footer.Item",
        "render": [Function],
      },
      "defaultProps": Object {
        "as": "div",
      },
      "displayName": "Card.Footer",
      "render": [Function],
    },
    "Header": Object {
      "$$typeof": Symbol(react.forward_ref),
      "Icon": Object {
        "$$typeof": Symbol(react.forward_ref),
        "defaultProps": Object {
          "as": "div",
        },
        "displayName": "Card.Header.Icon",
        "render": [Function],
      },
      "Title": Object {
        "$$typeof": Symbol(react.forward_ref),
        "defaultProps": Object {
          "as": "div",
        },
        "displayName": "Card.Header.Title",
        "propTypes": Object {
          "align": [Function],
        },
        "render": [Function],
      },
      "defaultProps": Object {
        "as": "div",
      },
      "displayName": "Card.Header",
      "render": [Function],
    },
    "Image": Object {
      "$$typeof": Symbol(react.forward_ref),
      "defaultProps": Object {
        "as": "div",
      },
      "displayName": "Card.Image",
      "render": [Function],
    },
    "defaultProps": Object {
      "as": "div",
    },
    "displayName": "Card",
    "render": [Function],
  },
  "Checkbox": Object {
    "$$typeof": Symbol(react.forward_ref),
    "defaultProps": Object {
      "as": "input",
    },
    "displayName": "Checkbox",
    "render": [Function],
  },
  "Column": Object {
    "$$typeof": Symbol(react.forward_ref),
    "Group": Object {
      "$$typeof": Symbol(react.forward_ref),
      "defaultProps": Object {
        "as": "div",
      },
      "displayName": "Column.Group",
      "propTypes": Object {
        "breakpoint": [Function],
        "centered": [Function],
        "desktop": [Function],
        "fullhd": [Function],
        "gapSize": [Function],
        "gapless": [Function],
        "mobile": [Function],
        "multiline": [Function],
        "tablet": [Function],
        "touch": [Function],
        "vcentered": [Function],
        "widescreen": [Function],
      },
      "render": [Function],
    },
    "defaultProps": Object {
      "as": "div",
    },
    "displayName": "Column",
    "propTypes": Object {
      "desktop": [Function],
      "fullhd": [Function],
      "mobile": [Function],
      "narrow": [Function],
      "offset": [Function],
      "size": [Function],
      "tablet": [Function],
      "touch": [Function],
      "widescreen": [Function],
    },
    "render": [Function],
  },
  "Container": Object {
    "$$typeof": Symbol(react.forward_ref),
    "defaultProps": Object {
      "as": "div",
    },
    "displayName": "Container",
    "propTypes": Object {
      "breakpoint": [Function],
      "fluid": [Function],
    },
    "render": [Function],
  },
  "Content": Object {
    "$$typeof": Symbol(react.forward_ref),
    "OrderedList": Object {
      "$$typeof": Symbol(react.forward_ref),
      "Item": Object {
        "$$typeof": Symbol(react.forward_ref),
        "defaultProps": Object {
          "as": "li",
        },
        "displayName": "Content.OrderedList.Item",
        "render": [Function],
      },
      "defaultProps": Object {
        "as": "ol",
      },
      "displayName": "Content.OrderedList",
      "propTypes": Object {
        "type": [Function],
      },
      "render": [Function],
    },
    "defaultProps": Object {
      "as": "div",
    },
    "displayName": "Content",
    "propTypes": Object {
      "size": [Function],
    },
    "render": [Function],
  },
  "Control": Object {
    "$$typeof": Symbol(react.forward_ref),
    "defaultProps": Object {
      "as": "div",
    },
    "displayName": "Control",
    "propTypes": Object {
      "expanded": [Function],
      "iconLeft": [Function],
      "iconRight": [Function],
      "loading": [Function],
      "size": [Function],
    },
    "render": [Function],
  },
  "Delete": Object {
    "$$typeof": Symbol(react.forward_ref),
    "defaultProps": Object {
      "as": "a",
    },
    "displayName": "Delete",
    "propTypes": Object {
      "size": [Function],
    },
    "render": [Function],
  },
  "Divider": Object {
    "$$typeof": Symbol(react.forward_ref),
    "defaultProps": Object {
      "as": "div",
      "children": "",
    },
    "displayName": "Divider",
    "propTypes": Object {
      "children": [Function],
      "color": [Function],
      "vertical": [Function],
    },
    "render": [Function],
  },
  "Dropdown": Object {
    "$$typeof": Symbol(react.forward_ref),
    "Container": [Function],
    "Content": Object {
      "$$typeof": Symbol(react.forward_ref),
      "defaultProps": Object {
        "as": "div",
      },
      "displayName": "Dropdown.Content",
      "render": [Function],
    },
    "Context": Object {
      "$$typeof": Symbol(react.context),
      "Consumer": Object {
        "$$typeof": Symbol(react.context),
        "_calculateChangedBits": null,
        "_context": [Circular],
      },
      "Provider": Object {
        "$$typeof": Symbol(react.provider),
        "_context": [Circular],
      },
      "_calculateChangedBits": null,
      "_currentRenderer": null,
      "_currentRenderer2": null,
      "_currentValue": Object {
        "active": false,
        "setActive": [Function],
      },
      "_currentValue2": Object {
        "active": false,
        "setActive": [Function],
      },
      "_threadCount": 0,
    },
    "Divider": Object {
      "$$typeof": Symbol(react.forward_ref),
      "defaultProps": Object {
        "as": "hr",
      },
      "displayName": "Dropdown.Divider",
      "render": [Function],
    },
    "Item": Object {
      "$$typeof": Symbol(react.forward_ref),
      "defaultProps": Object {
        "as": "a",
      },
      "displayName": "Dropdown.Item",
      "propTypes": Object {
        "active": [Function],
        "onClick": [Function],
      },
      "render": [Function],
    },
    "Menu": Object {
      "$$typeof": Symbol(react.forward_ref),
      "defaultProps": Object {
        "as": "div",
      },
      "displayName": "Dropdown.Menu",
      "render": [Function],
    },
    "Trigger": Object {
      "$$typeof": Symbol(react.forward_ref),
      "defaultProps": Object {
        "as": "div",
      },
      "displayName": "Dropdown.Trigger",
      "propTypes": Object {
        "onClick": [Function],
      },
      "render": [Function],
    },
    "defaultProps": Object {
      "as": "div",
    },
    "displayName": "Dropdown",
    "propTypes": Object {
      "active": [Function],
      "align": [Function],
      "hoverable": [Function],
      "managed": [Function],
      "up": [Function],
    },
    "render": [Function],
  },
  "Field": Object {
    "$$typeof": Symbol(react.forward_ref),
    "Body": Object {
      "$$typeof": Symbol(react.forward_ref),
      "defaultProps": Object {
        "as": "div",
      },
      "displayName": "Field.Body",
      "render": [Function],
    },
    "Label": Object {
      "$$typeof": Symbol(react.forward_ref),
      "defaultProps": Object {
        "as": "div",
      },
      "displayName": "Field.Label",
      "propTypes": Object {
        "size": [Function],
      },
      "render": [Function],
    },
    "defaultProps": Object {
      "as": "div",
    },
    "displayName": "Field",
    "propTypes": Object {
      "align": [Function],
      "expanded": [Function],
      "horizontal": [Function],
      "kind": [Function],
      "multiline": [Function],
      "narrow": [Function],
    },
    "render": [Function],
  },
  "Fieldset": Object {
    "$$typeof": Symbol(react.forward_ref),
    "defaultProps": Object {
      "as": "fieldset",
    },
    "displayName": "Fieldset",
    "propTypes": Object {
      "disabled": [Function],
    },
    "render": [Function],
  },
  "File": Object {
    "$$typeof": Symbol(react.forward_ref),
    "CTA": Object {
      "$$typeof": Symbol(react.forward_ref),
      "defaultProps": Object {
        "as": "div",
      },
      "displayName": "File.CTA",
      "render": [Function],
    },
    "Icon": Object {
      "$$typeof": Symbol(react.forward_ref),
      "defaultProps": Object {
        "as": "span",
      },
      "displayName": "File.Icon",
      "render": [Function],
    },
    "Input": Object {
      "$$typeof": Symbol(react.forward_ref),
      "defaultProps": Object {
        "as": "input",
      },
      "displayName": "File.Input",
      "render": [Function],
    },
    "Label": Object {
      "$$typeof": Symbol(react.forward_ref),
      "defaultProps": Object {
        "as": "label",
      },
      "displayName": "File.Label",
      "render": [Function],
    },
    "Name": Object {
      "$$typeof": Symbol(react.forward_ref),
      "defaultProps": Object {
        "as": "span",
      },
      "displayName": "File.Name",
      "render": [Function],
    },
    "defaultProps": Object {
      "as": "div",
    },
    "displayName": "File",
    "propTypes": Object {
      "align": [Function],
      "boxed": [Function],
      "color": [Function],
      "fullwidth": [Function],
      "hasName": [Function],
      "size": [Function],
    },
    "render": [Function],
  },
  "Footer": Object {
    "$$typeof": Symbol(react.forward_ref),
    "defaultProps": Object {
      "as": "div",
    },
    "displayName": "Footer",
    "render": [Function],
  },
  "Generic": Object {
    "$$typeof": Symbol(react.forward_ref),
    "defaultProps": Object {
      "as": "div",
    },
    "displayName": "Generic",
    "propTypes": Object {
      "as": [Function],
    },
    "render": [Function],
  },
  "Heading": Object {
    "$$typeof": Symbol(react.forward_ref),
    "defaultProps": Object {
      "as": "p",
    },
    "displayName": "Heading",
    "render": [Function],
  },
  "Help": Object {
    "$$typeof": Symbol(react.forward_ref),
    "defaultProps": Object {
      "as": "p",
    },
    "displayName": "Help",
    "propTypes": Object {
      "color": [Function],
    },
    "render": [Function],
  },
  "Hero": Object {
    "$$typeof": Symbol(react.forward_ref),
    "Body": Object {
      "$$typeof": Symbol(react.forward_ref),
      "defaultProps": Object {
        "as": "div",
      },
      "displayName": "Hero.Body",
      "render": [Function],
    },
    "Foot": Object {
      "$$typeof": Symbol(react.forward_ref),
      "defaultProps": Object {
        "as": "div",
      },
      "displayName": "Hero.Foot",
      "render": [Function],
    },
    "Head": Object {
      "$$typeof": Symbol(react.forward_ref),
      "defaultProps": Object {
        "as": "div",
      },
      "displayName": "Hero.Head",
      "render": [Function],
    },
    "defaultProps": Object {
      "as": "section",
    },
    "displayName": "Hero",
    "propTypes": Object {
      "color": [Function],
      "gradient": [Function],
      "size": [Function],
    },
    "render": [Function],
  },
  "Highlight": Object {
    "$$typeof": Symbol(react.forward_ref),
    "defaultProps": Object {
      "as": "p",
    },
    "displayName": "Highlight",
    "render": [Function],
  },
  "Icon": Object {
    "$$typeof": Symbol(react.forward_ref),
    "defaultProps": Object {
      "as": "span",
    },
    "displayName": "Icon",
    "propTypes": Object {
      "align": [Function],
      "color": [Function],
      "size": [Function],
    },
    "render": [Function],
  },
  "Image": Object {
    "$$typeof": Symbol(react.forward_ref),
    "Container": Object {
      "$$typeof": Symbol(react.forward_ref),
      "defaultProps": Object {
        "as": "figure",
      },
      "displayName": "Image.Container",
      "propTypes": Object {
        "size": [Function],
      },
      "render": [Function],
    },
    "defaultProps": Object {
      "as": "img",
    },
    "displayName": "Image",
    "propTypes": Object {
      "rounded": [Function],
    },
    "render": [Function],
  },
  "Input": Object {
    "$$typeof": Symbol(react.forward_ref),
    "defaultProps": Object {
      "as": "input",
    },
    "displayName": "Input",
    "propTypes": Object {
      "color": [Function],
      "readOnly": [Function],
      "rounded": [Function],
      "size": [Function],
      "state": [Function],
      "static": [Function],
      "type": [Function],
    },
    "render": [Function],
  },
  "Label": Object {
    "$$typeof": Symbol(react.forward_ref),
    "defaultProps": Object {
      "as": "label",
    },
    "displayName": "Label",
    "propTypes": Object {
      "disabled": [Function],
      "size": [Function],
    },
    "render": [Function],
  },
  "Level": Object {
    "$$typeof": Symbol(react.forward_ref),
    "Item": Object {
      "$$typeof": Symbol(react.forward_ref),
      "defaultProps": Object {
        "as": "div",
      },
      "displayName": "Level.Item",
      "propTypes": Object {
        "align": [Function],
      },
      "render": [Function],
    },
    "defaultProps": Object {
      "as": "nav",
    },
    "displayName": "Level",
    "propTypes": Object {
      "breakpoint": [Function],
    },
    "render": [Function],
  },
  "List": Object {
    "$$typeof": Symbol(react.forward_ref),
    "Item": Object {
      "$$typeof": Symbol(react.forward_ref),
      "defaultProps": Object {
        "as": "a",
      },
      "displayName": "List.Item",
      "propTypes": Object {
        "active": [Function],
      },
      "render": [Function],
    },
    "defaultProps": Object {
      "as": "div",
    },
    "displayName": "List",
    "render": [Function],
  },
  "Loader": Object {
    "$$typeof": Symbol(react.forward_ref),
    "defaultProps": Object {
      "as": "div",
      "children": false,
    },
    "displayName": "Loader",
    "render": [Function],
  },
  "Media": Object {
    "$$typeof": Symbol(react.forward_ref),
    "Item": Object {
      "$$typeof": Symbol(react.forward_ref),
      "defaultProps": Object {
        "align": "content",
        "as": "div",
      },
      "displayName": "Media.Item",
      "propTypes": Object {
        "align": [Function],
      },
      "render": [Function],
    },
    "defaultProps": Object {
      "as": "article",
    },
    "displayName": "Media",
    "render": [Function],
  },
  "Menu": Object {
    "$$typeof": Symbol(react.forward_ref),
    "Label": Object {
      "$$typeof": Symbol(react.forward_ref),
      "defaultProps": Object {
        "as": "p",
      },
      "displayName": "Menu.Label",
      "render": [Function],
    },
    "List": Object {
      "$$typeof": Symbol(react.forward_ref),
      "Item": Object {
        "$$typeof": Symbol(react.forward_ref),
        "defaultProps": Object {
          "as": "a",
        },
        "displayName": "Menu.List.Item",
        "propTypes": Object {
          "active": [Function],
          "menu": [Function],
        },
        "render": [Function],
      },
      "defaultProps": Object {
        "as": "ul",
      },
      "displayName": "Menu.List",
      "render": [Function],
    },
    "defaultProps": Object {
      "as": "aside",
    },
    "displayName": "Menu",
    "render": [Function],
  },
  "Message": Object {
    "$$typeof": Symbol(react.forward_ref),
    "Body": Object {
      "$$typeof": Symbol(react.forward_ref),
      "defaultProps": Object {
        "as": "div",
      },
      "displayName": "Message.Body",
      "render": [Function],
    },
    "Header": Object {
      "$$typeof": Symbol(react.forward_ref),
      "defaultProps": Object {
        "as": "div",
      },
      "displayName": "Message.Header",
      "render": [Function],
    },
    "defaultProps": Object {
      "as": "article",
    },
    "displayName": "Message",
    "propTypes": Object {
      "color": [Function],
      "size": [Function],
    },
    "render": [Function],
  },
  "Modal": Object {
    "$$typeof": Symbol(react.forward_ref),
    "Background": Object {
      "$$typeof": Symbol(react.forward_ref),
      "defaultProps": Object {
        "as": "div",
      },
      "displayName": "Modal.Background",
      "propTypes": Object {
        "onClick": [Function],
      },
      "render": [Function],
    },
    "Card": Object {
      "$$typeof": Symbol(react.forward_ref),
      "Body": Object {
        "$$typeof": Symbol(react.forward_ref),
        "defaultProps": Object {
          "as": "section",
        },
        "displayName": "Modal.Card.Body",
        "render": [Function],
      },
      "Foot": Object {
        "$$typeof": Symbol(react.forward_ref),
        "defaultProps": Object {
          "as": "footer",
        },
        "displayName": "Modal.Card.Foot",
        "render": [Function],
      },
      "Head": Object {
        "$$typeof": Symbol(react.forward_ref),
        "defaultProps": Object {
          "as": "header",
        },
        "displayName": "Modal.Card.Head",
        "render": [Function],
      },
      "Title": Object {
        "$$typeof": Symbol(react.forward_ref),
        "defaultProps": Object {
          "as": "p",
        },
        "displayName": "Modal.Card.Title",
        "render": [Function],
      },
      "defaultProps": Object {
        "as": "div",
      },
      "displayName": "Modal.Card",
      "render": [Function],
    },
    "Close": Object {
      "$$typeof": Symbol(react.forward_ref),
      "defaultProps": Object {
        "as": "button",
      },
      "displayName": "Modal.Close",
      "propTypes": Object {
        "onClick": [Function],
      },
      "render": [Function],
    },
    "Container": [Function],
    "Content": Object {
      "$$typeof": Symbol(react.forward_ref),
      "defaultProps": Object {
        "as": "div",
      },
      "displayName": "Modal.Content",
      "render": [Function],
    },
    "Context": Object {
      "$$typeof": Symbol(react.context),
      "Consumer": Object {
        "$$typeof": Symbol(react.context),
        "_calculateChangedBits": null,
        "_context": [Circular],
      },
      "Provider": Object {
        "$$typeof": Symbol(react.provider),
        "_context": [Circular],
      },
      "_calculateChangedBits": null,
      "_currentRenderer": null,
      "_currentRenderer2": null,
      "_currentValue": Object {
        "close": [Function],
        "closeOnBlur": false,
        "closeOnEsc": true,
      },
      "_currentValue2": Object {
        "close": [Function],
        "closeOnBlur": false,
        "closeOnEsc": true,
      },
      "_threadCount": 0,
    },
    "Portal": [Function],
    "defaultProps": Object {
      "as": "div",
      "clipped": true,
    },
    "propTypes": Object {
      "active": [Function],
      "clipped": [Function],
      "closeOnBlur": [Function],
      "closeOnEsc": [Function],
      "containerClassName": [Function],
      "document": [Function],
      "onClose": [Function],
    },
    "render": [Function],
  },
  "Navbar": Object {
    "$$typeof": Symbol(react.forward_ref),
    "Brand": Object {
      "$$typeof": Symbol(react.forward_ref),
      "defaultProps": Object {
        "as": "div",
      },
      "displayName": "Navbar.Brand",
      "render": [Function],
    },
    "Burger": Object {
      "$$typeof": Symbol(react.forward_ref),
      "defaultProps": Object {
        "as": "div",
      },
      "displayName": "Navbar.Burger",
      "propTypes": Object {
        "onClick": [Function],
      },
      "render": [Function],
    },
    "Container": [Function],
    "Context": Object {
      "$$typeof": Symbol(react.context),
      "Consumer": Object {
        "$$typeof": Symbol(react.context),
        "_calculateChangedBits": null,
        "_context": [Circular],
      },
      "Provider": Object {
        "$$typeof": Symbol(react.provider),
        "_context": [Circular],
      },
      "_calculateChangedBits": null,
      "_currentRenderer": null,
      "_currentRenderer2": null,
      "_currentValue": Object {
        "active": false,
        "setActive": [Function],
      },
      "_currentValue2": Object {
        "active": false,
        "setActive": [Function],
      },
      "_threadCount": 0,
    },
    "Divider": Object {
      "$$typeof": Symbol(react.forward_ref),
      "defaultProps": Object {
        "as": "div",
      },
      "displayName": "Navbar.Divider",
      "render": [Function],
    },
    "Dropdown": Object {
      "$$typeof": Symbol(react.forward_ref),
      "defaultProps": Object {
        "as": "span",
      },
      "displayName": "Navbar.Dropdown",
      "propTypes": Object {
        "align": [Function],
        "boxed": [Function],
      },
      "render": [Function],
    },
    "Item": Object {
      "$$typeof": Symbol(react.forward_ref),
      "Container": [Function],
      "defaultProps": Object {
        "as": "a",
      },
      "displayName": "Navbar.Item",
      "propTypes": Object {
        "active": [Function],
        "dropdown": [Function],
        "expanded": [Function],
        "hoverable": [Function],
        "managed": [Function],
        "onClick": [Function],
        "tab": [Function],
        "up": [Function],
      },
      "render": [Function],
    },
    "Link": Object {
      "$$typeof": Symbol(react.forward_ref),
      "defaultProps": Object {
        "as": "span",
      },
      "displayName": "Navbar.Link",
      "propTypes": Object {
        "arrowless": [Function],
        "onClick": [Function],
      },
      "render": [Function],
    },
    "Menu": Object {
      "$$typeof": Symbol(react.forward_ref),
      "defaultProps": Object {
        "as": "div",
      },
      "displayName": "Navbar.Menu",
      "render": [Function],
    },
    "Segment": Object {
      "$$typeof": Symbol(react.forward_ref),
      "defaultProps": Object {
        "as": "div",
      },
      "displayName": "Navbar.Segment",
      "propTypes": Object {
        "align": [Function],
      },
      "render": [Function],
    },
    "defaultProps": Object {
      "as": "nav",
    },
    "displayName": "Navbar",
    "propTypes": Object {
      "active": [Function],
      "color": [Function],
      "document": [Function],
      "fixed": [Function],
      "managed": [Function],
      "transparent": [Function],
    },
    "render": [Function],
  },
  "Notification": Object {
    "$$typeof": Symbol(react.forward_ref),
    "defaultProps": Object {
      "as": "div",
    },
    "displayName": "Notification",
    "propTypes": Object {
      "color": [Function],
    },
    "render": [Function],
  },
  "Numeric": Object {
    "$$typeof": Symbol(react.forward_ref),
    "defaultProps": Object {
      "as": "p",
    },
    "displayName": "Numeric",
    "render": [Function],
  },
  "PageLoader": Object {
    "$$typeof": Symbol(react.forward_ref),
    "defaultProps": Object {
      "as": "div",
    },
    "displayName": "PageLoader",
    "propTypes": Object {
      "active": [Function],
      "color": [Function],
      "direction": [Function],
    },
    "render": [Function],
  },
  "Pagination": Object {
    "$$typeof": Symbol(react.forward_ref),
    "Ellipsis": Object {
      "$$typeof": Symbol(react.forward_ref),
      "defaultProps": Object {
        "as": "span",
        "children": "…",
      },
      "displayName": "Pagination.Ellipsis",
      "render": [Function],
    },
    "Link": Object {
      "$$typeof": Symbol(react.forward_ref),
      "defaultProps": Object {
        "as": "a",
      },
      "displayName": "Pagination.Link",
      "propTypes": Object {
        "current": [Function],
      },
      "render": [Function],
    },
    "List": Object {
      "$$typeof": Symbol(react.forward_ref),
      "defaultProps": Object {
        "as": "ul",
      },
      "displayName": "Pagination.List",
      "render": [Function],
    },
    "Step": Object {
      "$$typeof": Symbol(react.forward_ref),
      "defaultProps": Object {
        "as": "a",
      },
      "displayName": "Pagination.Step",
      "propTypes": Object {
        "align": [Function],
      },
      "render": [Function],
    },
    "defaultProps": Object {
      "as": "nav",
    },
    "displayName": "Pagination",
    "propTypes": Object {
      "align": [Function],
      "rounded": [Function],
      "size": [Function],
    },
    "render": [Function],
  },
  "Panel": Object {
    "$$typeof": Symbol(react.forward_ref),
    "Block": Object {
      "$$typeof": Symbol(react.forward_ref),
      "defaultProps": Object {
        "as": "div",
      },
      "displayName": "Panel.Block",
      "propTypes": Object {
        "active": [Function],
      },
      "render": [Function],
    },
    "Heading": Object {
      "$$typeof": Symbol(react.forward_ref),
      "defaultProps": Object {
        "as": "div",
      },
      "displayName": "Panel.Heading",
      "render": [Function],
    },
    "Icon": Object {
      "$$typeof": Symbol(react.forward_ref),
      "defaultProps": Object {
        "as": "span",
      },
      "displayName": "Panel.Icon",
      "render": [Function],
    },
    "Tab": Object {
      "$$typeof": Symbol(react.forward_ref),
      "Group": Object {
        "$$typeof": Symbol(react.forward_ref),
        "defaultProps": Object {
          "as": "div",
        },
        "displayName": "Panel.Tab.Group",
        "render": [Function],
      },
      "defaultProps": Object {
        "as": "a",
      },
      "displayName": "Panel.Tab",
      "propTypes": Object {
        "active": [Function],
      },
      "render": [Function],
    },
    "defaultProps": Object {
      "as": "nav",
    },
    "displayName": "Panel",
    "render": [Function],
  },
  "Progress": Object {
    "$$typeof": Symbol(react.forward_ref),
    "defaultProps": Object {
      "as": "progress",
      "max": 100,
    },
    "displayName": "Progress",
    "propTypes": Object {
      "color": [Function],
      "max": [Function],
      "size": [Function],
      "value": [Function],
    },
    "render": [Function],
  },
  "Radio": Object {
    "$$typeof": Symbol(react.forward_ref),
    "defaultProps": Object {
      "as": "input",
    },
    "displayName": "Radio",
    "render": [Function],
  },
  "Section": Object {
    "$$typeof": Symbol(react.forward_ref),
    "defaultProps": Object {
      "as": "section",
    },
    "displayName": "Section",
    "propTypes": Object {
      "size": [Function],
    },
    "render": [Function],
  },
  "Select": Object {
    "$$typeof": Symbol(react.forward_ref),
    "Container": Object {
      "$$typeof": Symbol(react.forward_ref),
      "defaultProps": Object {
        "as": "div",
      },
      "displayName": "Select.Container",
      "propTypes": Object {
        "color": [Function],
        "fullwidth": [Function],
        "rounded": [Function],
        "size": [Function],
        "state": [Function],
      },
      "render": [Function],
    },
    "Option": Object {
      "$$typeof": Symbol(react.forward_ref),
      "defaultProps": Object {
        "as": "option",
      },
      "displayName": "Select.Option",
      "render": [Function],
    },
    "defaultProps": Object {
      "as": "select",
    },
    "displayName": "Select",
    "render": [Function],
  },
  "Tab": Object {
    "$$typeof": Symbol(react.forward_ref),
    "Group": Object {
      "$$typeof": Symbol(react.forward_ref),
      "defaultProps": Object {
        "as": "div",
      },
      "displayName": "Tab.Group",
      "propTypes": Object {
        "align": [Function],
        "fullwidth": [Function],
        "kind": [Function],
        "size": [Function],
      },
      "render": [Function],
    },
    "defaultProps": Object {
      "as": "a",
    },
    "displayName": "Tab",
    "propTypes": Object {
      "active": [Function],
    },
    "render": [Function],
  },
  "Table": Object {
    "$$typeof": Symbol(react.forward_ref),
    "Body": Object {
      "$$typeof": Symbol(react.forward_ref),
      "defaultProps": Object {
        "as": "tbody",
      },
      "displayName": "Table.Body",
      "render": [Function],
    },
    "Cell": Object {
      "$$typeof": Symbol(react.forward_ref),
      "defaultProps": Object {
        "as": "td",
      },
      "displayName": "Table.Cell",
      "propTypes": Object {
        "narrow": [Function],
        "selected": [Function],
      },
      "render": [Function],
    },
    "Foot": Object {
      "$$typeof": Symbol(react.forward_ref),
      "defaultProps": Object {
        "as": "tfoot",
      },
      "displayName": "Table.Foot",
      "render": [Function],
    },
    "Head": Object {
      "$$typeof": Symbol(react.forward_ref),
      "defaultProps": Object {
        "as": "thead",
      },
      "displayName": "Table.Head",
      "render": [Function],
    },
    "Heading": Object {
      "$$typeof": Symbol(react.forward_ref),
      "defaultProps": Object {
        "as": "th",
      },
      "displayName": "Table.Heading",
      "render": [Function],
    },
    "Row": Object {
      "$$typeof": Symbol(react.forward_ref),
      "defaultProps": Object {
        "as": "tr",
      },
      "displayName": "Table.Row",
      "propTypes": Object {
        "selected": [Function],
      },
      "render": [Function],
    },
    "defaultProps": Object {
      "as": "table",
    },
    "displayName": "Table",
    "propTypes": Object {
      "bordered": [Function],
      "fullwidth": [Function],
      "hoverable": [Function],
      "narrow": [Function],
      "striped": [Function],
    },
    "render": [Function],
  },
  "Tag": Object {
    "$$typeof": Symbol(react.forward_ref),
    "Group": Object {
      "$$typeof": Symbol(react.forward_ref),
      "defaultProps": Object {
        "as": "span",
      },
      "displayName": "Tag.Group",
      "propTypes": Object {
        "gapless": [Function],
        "size": [Function],
      },
      "render": [Function],
    },
    "defaultProps": Object {
      "as": "span",
    },
    "displayName": "Tag",
    "propTypes": Object {
      "color": [Function],
      "delete": [Function],
      "rounded": [Function],
      "size": [Function],
    },
    "render": [Function],
  },
  "Textarea": Object {
    "$$typeof": Symbol(react.forward_ref),
    "defaultProps": Object {
      "as": "textarea",
      "rows": 4,
    },
    "displayName": "Textarea",
    "propTypes": Object {
      "color": [Function],
      "fixedSize": [Function],
      "size": [Function],
      "state": [Function],
    },
    "render": [Function],
  },
  "Tile": Object {
    "$$typeof": Symbol(react.forward_ref),
    "defaultProps": Object {
      "as": "div",
    },
    "displayName": "Tile",
    "propTypes": Object {
      "kind": [Function],
      "size": [Function],
      "vertical": [Function],
    },
    "render": [Function],
  },
  "Title": Object {
    "$$typeof": Symbol(react.forward_ref),
    "defaultProps": Object {
      "as": "h1",
    },
    "displayName": "Title",
    "propTypes": Object {
      "size": [Function],
      "spaced": [Function],
      "subtitle": [Function],
    },
    "render": [Function],
  },
  "forwardRefAs": [Function],
}
`;
